src/components/ControlDeck.tsx(11,8): error TS2307: Cannot find module 'lucide-react' or its corresponding type declarations.
src/components/ControlDeck.tsx(33,13): error TS2322: Type '{ children: Element[]; variant: string; size: string; onClick: () => void; className: string; }' is not assignable to type 'IntrinsicAttributes & ButtonProps & RefAttributes<HTMLButtonElement>'.
  Property 'variant' does not exist on type 'IntrinsicAttributes & ButtonProps & RefAttributes<HTMLButtonElement>'.
src/components/ControlDeck.tsx(43,13): error TS2322: Type '{ children: Element[]; variant: string; size: string; onClick: () => void; className: string; }' is not assignable to type 'IntrinsicAttributes & ButtonProps & RefAttributes<HTMLButtonElement>'.
  Property 'variant' does not exist on type 'IntrinsicAttributes & ButtonProps & RefAttributes<HTMLButtonElement>'.
src/components/ControlDeck.tsx(65,13): error TS2322: Type '{ children: Element[]; variant: string; size: string; onClick: () => void; className: string; }' is not assignable to type 'IntrinsicAttributes & ButtonProps & RefAttributes<HTMLButtonElement>'.
  Property 'variant' does not exist on type 'IntrinsicAttributes & ButtonProps & RefAttributes<HTMLButtonElement>'.
src/components/ControlDeck.tsx(75,13): error TS2322: Type '{ children: Element[]; variant: string; size: string; onClick: () => void; className: string; }' is not assignable to type 'IntrinsicAttributes & ButtonProps & RefAttributes<HTMLButtonElement>'.
  Property 'variant' does not exist on type 'IntrinsicAttributes & ButtonProps & RefAttributes<HTMLButtonElement>'.
src/components/ControlDeck.tsx(86,15): error TS2322: Type '{ children: Element[]; variant: string; size: string; className: string; }' is not assignable to type 'IntrinsicAttributes & ButtonProps & RefAttributes<HTMLButtonElement>'.
  Property 'variant' does not exist on type 'IntrinsicAttributes & ButtonProps & RefAttributes<HTMLButtonElement>'.
src/components/dashboard/LiveTicker.tsx(2,29): error TS2307: Cannot find module 'lucide-react' or its corresponding type declarations.
src/components/dashboard/StatsWidget.tsx(2,27): error TS2307: Cannot find module './GlassCard' or its corresponding type declarations.
src/components/dashboard/StatsWidget.tsx(3,49): error TS2307: Cannot find module 'lucide-react' or its corresponding type declarations.
src/components/EmergencySMSModule.tsx(4,49): error TS2307: Cannot find module 'lucide-react' or its corresponding type declarations.
src/components/EmergencySMSModule.tsx(13,11): error TS2339: Property 'add' does not exist on type '{ toast: (props: Omit<ToastProps, "id">) => { id: string; dismiss: () => void; update: (props: ToastProps) => void; }; dismiss: (toastId?: string | undefined) => void; toasts: ToastProps[]; }'.
src/components/EmergencySMSModule.tsx(43,13): error TS6133: 'smsData' is declared but its value is never read.
src/components/FloodRiskMap.tsx(1,27): error TS6133: 'useEffect' is declared but its value is never read.
src/components/FloodRiskMap.tsx(2,73): error TS6133: 'Popup' is declared but its value is never read.
src/components/FloodRiskMap.tsx(2,95): error TS2307: Cannot find module 'react-leaflet' or its corresponding type declarations.
src/components/FloodRiskMap.tsx(3,62): error TS2307: Cannot find module 'leaflet' or its corresponding type declarations.
src/components/FloodRiskMap.tsx(5,15): error TS2307: Cannot find module 'leaflet' or its corresponding type declarations.
src/components/FloodRiskMap.tsx(7,49): error TS2307: Cannot find module 'lucide-react' or its corresponding type declarations.
src/components/FloodRiskMap.tsx(8,10): error TS2305: Module '"../utils/constants"' has no exported member 'RISK_COLORS'.
src/components/FloodRiskMap.tsx(9,10): error TS2305: Module '"../types/api.types"' has no exported member 'VillageRisk'.
src/components/HumanSensorForm.tsx(3,43): error TS2307: Cannot find module 'lucide-react' or its corresponding type declarations.
src/components/HumanSensorForm.tsx(6,10): error TS2305: Module '"../services/api"' has no exported member 'submitReport'.
src/components/map/DisasterMap.tsx(2,87): error TS2307: Cannot find module 'react-leaflet' or its corresponding type declarations.
src/components/map/DisasterMap.tsx(5,40): error TS2307: Cannot find module 'lucide-react' or its corresponding type declarations.
src/components/map/DisasterMap.tsx(6,15): error TS2307: Cannot find module 'leaflet' or its corresponding type declarations.
src/components/ui/button.tsx(2,40): error TS2307: Cannot find module 'class-variance-authority' or its corresponding type declarations.
src/components/ui/button.tsx(3,10): error TS2305: Module '"@/lib/utils"' has no exported member 'cn'.
src/components/ui/button.tsx(38,17): error TS2339: Property 'variant' does not exist on type 'ButtonProps'.
src/components/ui/button.tsx(38,26): error TS2339: Property 'size' does not exist on type 'ButtonProps'.
src/components/ui/GlassCard.tsx(2,39): error TS2307: Cannot find module 'clsx' or its corresponding type declarations.
src/components/ui/GlassCard.tsx(3,25): error TS2307: Cannot find module 'tailwind-merge' or its corresponding type declarations.
src/components/ui/toast.tsx(2,34): error TS2307: Cannot find module '@radix-ui/react-toast' or its corresponding type declarations.
src/components/ui/toast.tsx(3,40): error TS2307: Cannot find module 'class-variance-authority' or its corresponding type declarations.
src/components/ui/toast.tsx(4,19): error TS2307: Cannot find module 'lucide-react' or its corresponding type declarations.
src/components/ui/toast.tsx(5,10): error TS2305: Module '"../../lib/utils"' has no exported member 'cn'.
src/contexts/AuthContext.tsx(1,8): error TS6133: 'React' is declared but its value is never read.
src/hooks/usePredictions.ts(21,34): error TS2339: Property 'getFloodPredictions' does not exist on type '{ get<T = any>(endpoint: string): Promise<ApiResponse<T>>; post<T = any>(endpoint: string, body: any): Promise<ApiResponse<T>>; ... 6 more ...; submitReport(report: any): Promise<...>; }'.
src/lib/utils.ts(7,18): error TS2503: Cannot find namespace 'NodeJS'.
src/pages/AuthorityDashboard.tsx(3,69): error TS2307: Cannot find module 'lucide-react' or its corresponding type declarations.
src/pages/AuthorityDashboard.tsx(4,109): error TS2307: Cannot find module 'recharts' or its corresponding type declarations.
src/pages/CitizenDashboard.tsx(3,88): error TS2307: Cannot find module 'lucide-react' or its corresponding type declarations.
src/pages/Login.tsx(4,58): error TS2307: Cannot find module 'lucide-react' or its corresponding type declarations.
